10:50:04 [qlang] start
11:04:56 [qlang] trained exit 1: 10:50:16 train rows 1200 (median 288 tokens, max 297), val rows 150;
11:06:36 [qlang] e1 unseen COMBOS       n=150  json 100.0%  runs 100.0%  EXEC  77.3%  string  77.3%   | where 100.0%  order  78.7%  limit  86.7%  select  98.7%
11:06:45 [qlang] 
11:06:55 [qlang] 
11:06:55 [qlang] done
11:08:50 [qlang] start
11:37:02 [qlang] trained exit 0: 11:09:02 train rows 1200 (median 288 tokens, max 297), val rows 150;11:23:13 epoch 1 done: val loss 0.0000 (17.5s) -> adapters/qlang-0.6b/epoch1; peak 1582 MiB;11:37:01 epoch 2 done: val loss 0.0000 (17.7s) -> adapters/qlang-0.6b/epoch2; peak 1582 MiB;
11:38:47 [qlang] e1 unseen COMBOS       n=150  json 100.0%  runs 100.0%  EXEC  76.0%  string  76.0%   | where 100.0%  order  77.3%  limit  88.7%  select  98.7%
11:40:28 [qlang] e2 unseen COMBOS       n=150  json 100.0%  runs 100.0%  EXEC  76.7%  string  76.7%   | where 100.0%  order  78.0%  limit  88.7%  select  98.7%
11:41:29 [qlang] e2 seen shapes         n=150  json 100.0%  runs 100.0%  EXEC 100.0%  string 100.0%   | where 100.0%  order 100.0%  limit 100.0%  select 100.0%
11:45:23 [qlang] e2 NO card             n=150  json   1.3%  runs   0.0%  EXEC   0.0%  string   0.0%   | where   0.0%  order   0.0%  limit   0.7%  select   0.0%
11:45:23 [qlang] done
11:46:28 [scale] n=150 corpus built
11:49:03 [scale] n=150 trained exit 0
11:50:49 [scale] n=150 rows             n=150  json 100.0%  runs 100.0%  EXEC  96.0%  string  94.0%   | where 100.0%  order  94.7%  limit 100.0%  select 100.0%
11:50:49 [scale] n=300 corpus built
11:55:05 [scale] n=300 trained exit 0
11:56:47 [scale] n=300 rows             n=150  json 100.0%  runs 100.0%  EXEC  96.0%  string  95.3%   | where 100.0%  order  96.0%  limit 100.0%  select 100.0%
11:56:47 [scale] n=600 corpus built
12:04:19 [scale] n=600 trained exit 0
12:06:02 [scale] n=600 rows             n=150  json 100.0%  runs 100.0%  EXEC  94.0%  string  94.0%   | where 100.0%  order  94.0%  limit  99.3%  select 100.0%
12:06:02 [scale] data-scaling done
18:24:41 [v2] cold baseline on the expanded corpus
18:26:07 [v2] cold                   n=150  json 100.0%  runs  99.3%  EXEC  12.0%  string   0.0%   | where  34.0%  order  49.3%  limit  71.3%  select  28.7%
18:28:42 [v2] n=150 trained exit 0
18:30:29 [v2] n=150 UNSEEN           n=150  json  99.3%  runs  99.3%  EXEC  84.7%  string  84.7%   | where  94.7%  order  93.3%  limit  98.7%  select  94.7%
18:31:34 [v2] n=150 SEEN             n=150  json  99.3%  runs  99.3%  EXEC  91.3%  string  90.7%   | where  95.3%  order  95.3%  limit  98.0%  select  99.3%
18:35:48 [v2] n=300 trained exit 0
18:37:26 [v2] n=300 UNSEEN           n=150  json 100.0%  runs 100.0%  EXEC  82.7%  string  82.7%   | where  98.7%  order  98.0%  limit 100.0%  select  85.3%
18:38:32 [v2] n=300 SEEN             n=150  json 100.0%  runs 100.0%  EXEC  96.0%  string  96.0%   | where 100.0%  order  97.3%  limit  99.3%  select  98.7%
18:46:00 [v2] n=600 trained exit 0
18:47:43 [v2] n=600 UNSEEN           n=150  json 100.0%  runs 100.0%  EXEC  95.3%  string  94.7%   | where 100.0%  order  99.3%  limit  96.7%  select  97.3%
18:48:48 [v2] n=600 SEEN             n=150  json  99.3%  runs  99.3%  EXEC  98.7%  string  98.7%   | where  98.7%  order  99.3%  limit  99.3%  select  99.3%
19:03:29 [v2] n=1200 trained exit 0
19:05:06 [v2] n=1200 UNSEEN          n=150  json 100.0%  runs 100.0%  EXEC  88.0%  string  86.7%   | where 100.0%  order  99.3%  limit  98.7%  select  89.3%
19:06:12 [v2] n=1200 SEEN            n=150  json 100.0%  runs  99.3%  EXEC  99.3%  string  99.3%   | where  99.3%  order 100.0%  limit 100.0%  select 100.0%
19:06:12 [v2] sweep done
