21:20:28 cron fine-tune start
21:20:40 trained exit 1: 
21:20:56 e2 train-shapes: 
21:20:56 cron fine-tune done
21:21:26 cron fine-tune start
21:51:33 trained exit 0: 21:21:35 train rows 1200 (median 220 tokens, max 229), val rows 150;21:36:52 epoch 1 done: val loss 0.0027 (21.1s) -> adapters/cron-0.8b/epoch1; peak 1678 MiB;21:51:32 epoch 2 done: val loss 0.0001 (23.4s) -> adapters/cron-0.8b/epoch2; peak 1678 MiB;
21:52:06 e1 with card:  n=120   parses  78.3%   EXECUTION   4.2%   string   4.2%
21:52:52 e1 NO card:    n=120   parses   0.0%   EXECUTION   0.0%   string   0.0%
21:53:23 e2 with card:  n=120   parses  78.3%   EXECUTION   0.8%   string   0.8%
21:54:10 e2 NO card:    n=120   parses   0.0%   EXECUTION   0.0%   string   0.0%
21:54:47 e2 train-shapes: n=150   parses 100.0%   EXECUTION 100.0%   string 100.0%
21:54:47 cron fine-tune done
22:10:18 cron fine-tune start
22:41:06 trained exit 0: 22:10:28 train rows 1200 (median 220 tokens, max 229), val rows 150;22:26:07 epoch 1 done: val loss 0.0000 (21.7s) -> adapters/cron-0.8b-clean/epoch1; peak 1678 MiB;22:41:04 epoch 2 done: val loss 0.0000 (23.0s) -> adapters/cron-0.8b-clean/epoch2; peak 1678 MiB;
22:41:39 e1 with card:  n=120   parses  83.3%   EXECUTION   0.0%   string   0.0%
22:42:25 e1 NO card:    n=120   parses   0.0%   EXECUTION   0.0%   string   0.0%
22:42:58 e2 with card:  n=120   parses  77.5%   EXECUTION   0.0%   string   0.0%
22:43:45 e2 NO card:    n=120   parses   0.0%   EXECUTION   0.0%   string   0.0%
22:44:22 e2 train-shapes: n=150   parses 100.0%   EXECUTION 100.0%   string 100.0%
22:44:22 cron fine-tune done
22:55:40 [0.6B] start
23:24:25 [0.6B] trained exit 0: 22:55:52 train rows 1200 (median 215 tokens, max 224), val rows 150;23:10:08 epoch 1 done: val loss 0.0016 (19.2s) -> adapters/cron-0.6b/epoch1; peak 1582 MiB;23:24:24 epoch 2 done: val loss 0.0002 (20.4s) -> adapters/cron-0.6b/epoch2; peak 1582 MiB;
23:24:54 [0.6B] e2 unseen SHAPES:    n=120   parses  80.0%   EXECUTION   1.7%   string   1.7%
23:25:25 [0.6B] e2 unseen INSTANCES: n=150   parses 100.0%   EXECUTION 100.0%   string 100.0%
23:26:07 [0.6B] e2 NO card:          n=120   parses   0.0%   EXECUTION   0.0%   string   0.0%
23:26:07 [0.6B] done
23:26:45 [360M] start
23:56:09 [360M] trained exit 0: 23:26:53 train rows 1200 (median 229 tokens, max 238), val rows 150;23:41:47 epoch 1 done: val loss 0.0167 (18.7s) -> adapters/cron-360m/epoch1; peak 879 MiB;23:56:08 epoch 2 done: val loss 0.0036 (18.6s) -> adapters/cron-360m/epoch2; peak 879 MiB;
23:56:34 [360M] e2 unseen SHAPES:    n=120   parses  95.0%   EXECUTION   0.0%   string   0.0%
23:57:04 [360M] e2 unseen INSTANCES: n=150   parses 100.0%   EXECUTION  99.3%   string  99.3%
23:57:48 [360M] e2 NO card:          n=120   parses   0.0%   EXECUTION   0.0%   string   0.0%
23:57:48 [360M] done
23:58:25 [270M] start
00:08:52 [270M] start
00:09:10 [270M] start
00:31:05 [270M] trained exit 0: 00:09:22 train rows 1200 (median 221 tokens, max 230), val rows 150;00:20:20 epoch 1 done: val loss 0.0107 (14.9s) -> adapters/cron-270m/epoch1; peak 630 MiB;00:31:03 epoch 2 done: val loss 0.0001 (15.0s) -> adapters/cron-270m/epoch2; peak 630 MiB;
00:31:28 [270M] e2 unseen SHAPES:    n=120   parses  90.8%   EXECUTION   0.0%   string   0.0%
00:31:55 [270M] e2 unseen INSTANCES: n=150   parses 100.0%   EXECUTION 100.0%   string 100.0%
00:32:31 [270M] e2 NO card:          n=120   parses   0.0%   EXECUTION   0.0%   string   0.0%
00:32:31 [270M] done
